// Jest Snapshot v1, https://goo.gl/fbAQLP

exports[`matches snapshot 1`] = `
<DocumentFragment>
  <div
    class="MovieCardBody"
  >
    <a
      class="MovieCard"
      href="/movies/668489"
    >
      <div>
        <img
          alt="Havoc"
          class=""
          src="http://image.tmdb.org/t/p/w500//r46leE6PSzLR3pnVzaxx5Q30yUF.jpg"
        />
      </div>
    </a>
    <div
      class="font-weight-bold mb-4"
    >
       Havoc 
    </div>
    <div
      class="mt-3 mb-0"
    >
      2025
      <span
        class="float-right"
      >
        66%
      </span>
    </div>
  </div>
</DocumentFragment>
`;
