// Jest Snapshot v1, https://goo.gl/fbAQLP

exports[`matches snapshot 1`] = `
<DocumentFragment>
  <div
    class="col-md-6 col-lg-4 offset-md-3 offset-lg-4 mt-4"
  >
    <h3
      class="text-center text-light mb-4"
    >
      's Profile
    </h3>
    <div
      class="card bg-dark text-light"
    >
      <div
        class="card-body"
      >
        <form>
          <div
            class="form-group"
          >
            <label>
              Username
            </label>
            <p
              class="form-control-plaintext text-light"
            >
              testuser
            </p>
          </div>
          <div
            class="form-group"
          >
            <label>
              First Name
            </label>
            <input
              class="form-control"
              name="firstName"
              value=""
            />
          </div>
          <div
            class="form-group"
          >
            <label>
              Last Name
            </label>
            <input
              class="form-control"
              name="lastName"
              value=""
            />
          </div>
          <div
            class="form-group"
          >
            <label>
              Email
            </label>
            <input
              class="form-control"
              name="email"
              value="test@test.net"
            />
          </div>
          <div
            class="form-group"
          >
            <label>
              Profile Image
            </label>
            <input
              class="form-control"
              name="email"
              value=""
            />
          </div>
          <div
            class="form-group"
          >
            <label>
              Confirm password to make changes:
            </label>
            <input
              class="form-control"
              name="password"
              type="password"
              value=""
            />
          </div>
          <button
            class="btn btn-danger btn-block mt-4"
          >
            Save Changes
          </button>
        </form>
      </div>
    </div>
  </div>
</DocumentFragment>
`;
